 
****************************************
Report : area
Design : NYQ
Version: M-2016.12
Date   : Thu Dec  5 22:08:43 2019
****************************************

Library(s) Used:

    saed90nm_typ (File: /work/global/brg/install/adk-pkgs/saed-90nm/pkgs/SAED_EDK90nm_01252011/SAED_EDK90nm/Digital_Standard_cell_Library/synopsys/models/saed90nm_typ.db)

Number of ports:                         1002
Number of nets:                         78828
Number of cells:                        77111
Number of combinational cells:          52225
Number of sequential cells:             24873
Number of macros/black boxes:               0
Number of buf/inv:                       4194
Number of references:                      42

Combinational area:             563409.104458
Buf/Inv area:                    23377.306178
Noncombinational area:          802168.947300
Macro/Black Box area:                0.000000
Net Interconnect area:          469943.891059

Total cell area:               1365578.051758
Total area:                    1835521.942817

Hierarchical area distribution
------------------------------

                                  Global cell area               Local cell area
                                  ---------------------  -------------------------------- 
Hierarchical cell                 Absolute      Percent  Combi-       Noncombi-    Black-
                                  Total         Total    national     national     boxes   Design
--------------------------------  ------------  -------  -----------  -----------  ------  -----------------
NYQ                               1365578.0518    100.0  489282.0511  792755.7248  0.0000  NYQ
FF_1                                 1061.6832      0.1     287.5392     774.1440  0.0000  FF_DATA_WIDTH24_3
FF_2                                 1056.1536      0.1     282.0096     774.1440  0.0000  FF_DATA_WIDTH24_2
FF_3                                 1050.6240      0.1     276.4800     774.1440  0.0000  FF_DATA_WIDTH24_1
FF_4                                 1056.1536      0.1     282.0096     774.1440  0.0000  FF_DATA_WIDTH24_0
MAC_1                               19696.4353      1.4   17648.6401       0.0000  0.0000  MAC_WIDTH24_3
MAC_1/FF_1                           2047.7952      0.1     531.7632    1516.0320  0.0000  FF_DATA_WIDTH48_3
MAC_2                               19769.2418      1.4   17721.4465       0.0000  0.0000  MAC_WIDTH24_2
MAC_2/FF_1                           2047.7952      0.1     531.7632    1516.0320  0.0000  FF_DATA_WIDTH48_2
MAC_3                               20090.8802      1.5   18055.0658       0.0000  0.0000  MAC_WIDTH24_1
MAC_3/FF_1                           2035.8144      0.1     519.7824    1516.0320  0.0000  FF_DATA_WIDTH48_1
MAC_4                               19333.3249      1.4   17285.5297       0.0000  0.0000  MAC_WIDTH24_0
MAC_4/FF_1                           2047.7952      0.1     531.7632    1516.0320  0.0000  FF_DATA_WIDTH48_0
counter_1                             425.7792      0.0     173.2608     252.5184  0.0000  counter
--------------------------------  ------------  -------  -----------  -----------  ------  -----------------
Total                                                    563409.1045  802168.9473  0.0000

1
