 
****************************************
Report : power
        -hier
        -analysis_effort low
Design : NYQ
Version: M-2016.12
Date   : Thu Dec  5 22:08:43 2019
****************************************


Library(s) Used:

    saed90nm_typ (File: /work/global/brg/install/adk-pkgs/saed-90nm/pkgs/SAED_EDK90nm_01252011/SAED_EDK90nm/Digital_Standard_cell_Library/synopsys/models/saed90nm_typ.db)


Operating Conditions: TYPICAL   Library: saed90nm_typ
Wire Load Model Mode: enclosed

Design        Wire Load Model            Library
------------------------------------------------
NYQ                    2000000           saed90nm_typ
counter                8000              saed90nm_typ
MAC_WIDTH24_3          35000             saed90nm_typ
FF_DATA_WIDTH24_3      8000              saed90nm_typ
FF_DATA_WIDTH48_3      8000              saed90nm_typ
MAC_WIDTH24_0          35000             saed90nm_typ
MAC_WIDTH24_1          35000             saed90nm_typ
MAC_WIDTH24_2          35000             saed90nm_typ
FF_DATA_WIDTH48_0      8000              saed90nm_typ
FF_DATA_WIDTH48_1      8000              saed90nm_typ
FF_DATA_WIDTH48_2      8000              saed90nm_typ
FF_DATA_WIDTH24_0      8000              saed90nm_typ
FF_DATA_WIDTH24_1      8000              saed90nm_typ
FF_DATA_WIDTH24_2      8000              saed90nm_typ


Global Operating Voltage = 1.2  
Power-specific unit information :
    Voltage Units = 1V
    Capacitance Units = 1.000000ff
    Time Units = 1ns
    Dynamic Power Units = 1uW    (derived from V,C,T units)
    Leakage Power Units = 1pW


--------------------------------------------------------------------------------
                                       Switch   Int      Leak     Total
Hierarchy                              Power    Power    Power    Power    %
--------------------------------------------------------------------------------
NYQ                                     184.773 9.29e+03 6.43e+09 1.59e+04 100.0
  FF_4 (FF_DATA_WIDTH24_0)                0.106    8.936 5.06e+06   14.099   0.1
  MAC_4 (MAC_WIDTH24_0)                   2.935   19.897 9.24e+07  115.230   0.7
    FF_1 (FF_DATA_WIDTH48_0)              0.212   17.947 9.83e+06   27.991   0.2
  FF_3 (FF_DATA_WIDTH24_1)                0.000    8.710 5.03e+06   13.741   0.1
  MAC_3 (MAC_WIDTH24_1)                   2.739   19.433 9.70e+07  119.169   0.7
    FF_1 (FF_DATA_WIDTH48_1)           1.30e-04   17.432 9.75e+06   27.185   0.2
  FF_2 (FF_DATA_WIDTH24_2)                0.000    8.720 4.99e+06   13.715   0.1
  MAC_2 (MAC_WIDTH24_2)                   2.940   19.897 9.47e+07  117.503   0.7
    FF_1 (FF_DATA_WIDTH48_2)              0.212   17.944 9.83e+06   27.987   0.2
  FF_1 (FF_DATA_WIDTH24_3)                0.108    8.793 5.02e+06   13.922   0.1
  MAC_1 (MAC_WIDTH24_3)                  10.529   40.826 9.16e+07  142.944   0.9
    FF_1 (FF_DATA_WIDTH48_3)              0.212   17.944 9.83e+06   27.988   0.2
  counter_1 (counter)                  2.18e-03    3.342 1.79e+06    5.135   0.0
1
