 
****************************************
Report : power
        -hier
        -analysis_effort low
Design : NYQ
Version: M-2016.12
Date   : Sun Nov 24 03:04:39 2019
****************************************


Library(s) Used:

    saed90nm_typ (File: /work/global/brg/install/adk-pkgs/saed-90nm/pkgs/SAED_EDK90nm_01252011/SAED_EDK90nm/Digital_Standard_cell_Library/synopsys/models/saed90nm_typ.db)


Operating Conditions: TYPICAL   Library: saed90nm_typ
Wire Load Model Mode: enclosed

Design        Wire Load Model            Library
------------------------------------------------
NYQ                    140000            saed90nm_typ
counter                ForQA             saed90nm_typ
MAC_WIDTH24_3          35000             saed90nm_typ
FF_DATA_WIDTH24_3      8000              saed90nm_typ
FF_DATA_WIDTH48_3      8000              saed90nm_typ
MAC_WIDTH24_0          35000             saed90nm_typ
MAC_WIDTH24_1          35000             saed90nm_typ
MAC_WIDTH24_2          35000             saed90nm_typ
FF_DATA_WIDTH48_0      8000              saed90nm_typ
FF_DATA_WIDTH48_1      8000              saed90nm_typ
FF_DATA_WIDTH48_2      8000              saed90nm_typ
FF_DATA_WIDTH24_0      8000              saed90nm_typ
FF_DATA_WIDTH24_1      8000              saed90nm_typ
FF_DATA_WIDTH24_2      8000              saed90nm_typ


Global Operating Voltage = 1.2  
Power-specific unit information :
    Voltage Units = 1V
    Capacitance Units = 1.000000ff
    Time Units = 1ns
    Dynamic Power Units = 1uW    (derived from V,C,T units)
    Leakage Power Units = 1pW


--------------------------------------------------------------------------------
                                       Switch   Int      Leak     Total
Hierarchy                              Power    Power    Power    Power    %
--------------------------------------------------------------------------------
NYQ                                      13.199  283.412 5.80e+08  876.583 100.0
  FF_4 (FF_DATA_WIDTH24_0)             1.55e-04    6.202 4.98e+06   11.185   1.3
  MAC_4 (MAC_WIDTH24_0)                   2.702   15.075 9.05e+07  108.240  12.3
    FF_1 (FF_DATA_WIDTH48_0)              0.157   12.582 9.86e+06   22.600   2.6
  FF_3 (FF_DATA_WIDTH24_1)             4.49e-04    6.203 4.98e+06   11.185   1.3
  MAC_3 (MAC_WIDTH24_1)                   2.620   14.883 9.04e+07  107.943  12.3
    FF_1 (FF_DATA_WIDTH48_1)              0.156   12.578 9.86e+06   22.591   2.6
  FF_2 (FF_DATA_WIDTH24_2)             2.98e-04    6.202 4.98e+06   11.184   1.3
  MAC_2 (MAC_WIDTH24_2)                   2.648   14.943 9.05e+07  108.056  12.3
    FF_1 (FF_DATA_WIDTH48_2)              0.158   12.583 9.86e+06   22.606   2.6
  FF_1 (FF_DATA_WIDTH24_3)             1.33e-04    6.200 4.98e+06   11.181   1.3
  MAC_1 (MAC_WIDTH24_3)                   2.524   14.555 9.04e+07  107.481  12.3
    FF_1 (FF_DATA_WIDTH48_3)           8.13e-02   12.270 9.82e+06   22.169   2.5
  counter_1 (counter)                  3.66e-03    0.947 6.08e+05    1.559   0.2
1
