Information: Updating design information... (UID-85)
Warning: Design 'NYQ' contains 1 high-fanout nets. A fanout number of 1000 will be used for delay calculations involving these nets. (TIM-134)
 
****************************************
Report : timing
        -path full
        -delay max
        -max_paths 5
Design : NYQ
Version: M-2016.12
Date   : Thu Dec  5 19:43:54 2019
****************************************

 # A fanout number of 1000 was used for high fanout net computations.

Operating Conditions: TYPICAL   Library: saed90nm_typ
Wire Load Model Mode: enclosed

  Startpoint: counter_1/Cnt_Out_DO_reg[4]
              (rising edge-triggered flip-flop clocked by Clk_CI)
  Endpoint: FF_3/Q_DO_reg[23]
            (rising edge-triggered flip-flop clocked by Clk_CI)
  Path Group: Clk_CI
  Path Type: max

  Des/Clust/Port     Wire Load Model       Library
  ------------------------------------------------
  NYQ                2000000               saed90nm_typ
  MAC_WIDTH24_1      35000                 saed90nm_typ
  FF_DATA_WIDTH24_1  8000                  saed90nm_typ

  Point                                                   Incr       Path
  --------------------------------------------------------------------------
  clock Clk_CI (rise edge)                                0.00       0.00
  clock network delay (ideal)                             0.00       0.00
  counter_1/Cnt_Out_DO_reg[4]/CLK (DFFARX1)               0.00 #     0.00 r
  counter_1/Cnt_Out_DO_reg[4]/QN (DFFARX1)                0.17       0.17 r
  counter_1/Cnt_Out_DO[4] (counter)                       0.00       0.17 r
  U47004/ZN (INVX0)                                       0.94       1.11 f
  U50732/QN (NOR2X0)                                      1.39       2.50 r
  U42723/QN (NAND2X0)                                     0.95       3.45 f
  U42490/Q (OR2X4)                                        1.10       4.55 f
  U48135/ZN (IBUFFX4)                                     1.92       6.47 r
  U42713/Q (AO22X2)                                       4.04      10.52 r
  U50991/QN (NOR4X0)                                      0.96      11.47 f
  U42571/QN (NAND4X0)                                     0.86      12.33 r
  U51013/Q (OR4X1)                                        1.08      13.41 r
  U42601/Q (MUX21X1)                                      0.91      14.33 r
  MAC_3/In0_DI[1] (MAC_WIDTH24_1)                         0.00      14.33 r
  MAC_3/U242/Q (XOR2X1)                                   1.81      16.14 f
  MAC_3/U75/QN (NOR2X0)                                   0.12      16.26 r
  MAC_3/U1101/Q (AO222X1)                                 0.17      16.44 r
  MAC_3/U137/Q (MUX21X1)                                  0.16      16.60 r
  MAC_3/U1508/CO (FADDX1)                                 0.27      16.87 r
  MAC_3/U626/QN (NAND2X0)                                 0.08      16.96 f
  MAC_3/U627/QN (NAND3X0)                                 0.11      17.07 r
  MAC_3/U632/QN (NAND2X0)                                 0.09      17.15 f
  MAC_3/U633/QN (NAND3X0)                                 0.11      17.27 r
  MAC_3/U356/QN (NAND2X0)                                 0.09      17.35 f
  MAC_3/U249/QN (NAND3X0)                                 0.11      17.46 r
  MAC_3/U243/QN (NAND2X0)                                 0.09      17.55 f
  MAC_3/U559/QN (NAND3X0)                                 0.11      17.66 r
  MAC_3/U529/QN (NAND2X0)                                 0.09      17.75 f
  MAC_3/U531/QN (NAND3X0)                                 0.11      17.87 r
  MAC_3/U686/QN (NAND2X0)                                 0.09      17.95 f
  MAC_3/U251/QN (NAND3X0)                                 0.11      18.07 r
  MAC_3/U244/QN (NAND2X0)                                 0.09      18.15 f
  MAC_3/U525/QN (NAND3X0)                                 0.11      18.26 r
  MAC_3/U245/QN (NAND2X0)                                 0.09      18.35 f
  MAC_3/U622/QN (NAND3X0)                                 0.11      18.46 r
  MAC_3/U677/QN (NAND2X0)                                 0.09      18.55 f
  MAC_3/U250/QN (NAND3X0)                                 0.12      18.66 r
  MAC_3/U681/QN (NAND2X0)                                 0.09      18.75 f
  MAC_3/U253/QN (NAND3X0)                                 0.12      18.87 r
  MAC_3/U655/QN (NAND2X0)                                 0.09      18.95 f
  MAC_3/U252/QN (NAND3X0)                                 0.12      19.07 r
  MAC_3/U659/QN (NAND2X0)                                 0.09      19.16 f
  MAC_3/U248/QN (NAND3X0)                                 0.11      19.27 r
  MAC_3/U553/QN (NAND2X0)                                 0.09      19.36 f
  MAC_3/U555/QN (NAND3X0)                                 0.11      19.47 r
  MAC_3/U546/QN (NAND2X0)                                 0.09      19.56 f
  MAC_3/U548/QN (NAND3X0)                                 0.11      19.67 r
  MAC_3/U646/QN (NAND2X0)                                 0.09      19.76 f
  MAC_3/U648/QN (NAND3X0)                                 0.12      19.87 r
  MAC_3/U652/QN (NAND2X0)                                 0.09      19.96 f
  MAC_3/U654/QN (NAND3X0)                                 0.11      20.08 r
  MAC_3/U674/QN (NAND2X0)                                 0.09      20.16 f
  MAC_3/U676/QN (NAND3X0)                                 0.11      20.27 r
  MAC_3/U670/QN (NAND2X0)                                 0.09      20.36 f
  MAC_3/U672/QN (NAND3X0)                                 0.11      20.47 r
  MAC_3/U685/QN (NAND2X0)                                 0.09      20.56 f
  MAC_3/U1104/QN (NAND3X0)                                0.12      20.67 r
  MAC_3/U687/QN (NAND2X0)                                 0.09      20.76 f
  MAC_3/U1105/QN (NAND3X0)                                0.11      20.88 r
  MAC_3/U407/QN (NAND2X0)                                 0.09      20.96 f
  MAC_3/U409/QN (NAND3X0)                                 0.12      21.08 r
  MAC_3/U220/Q (XOR2X1)                                   0.19      21.27 r
  MAC_3/Out_DO[0] (MAC_WIDTH24_1)                         0.00      21.27 r
  U45025/Q (AND2X1)                                       0.73      22.00 r
  U47327/QN (NAND2X0)                                     0.77      22.77 f
  U42618/QN (NAND4X0)                                     0.98      23.75 r
  U44255/Q (AO22X2)                                       0.78      24.52 r
  U50350/CO (FADDX1)                                      2.67      27.20 r
  U50281/Q (OR2X1)                                        1.25      28.45 r
  U44254/Q (AO22X2)                                       0.65      29.10 r
  U50726/Q (OR2X1)                                        1.10      30.20 r
  U42732/Q (AO22X2)                                       0.76      30.96 r
  U46785/Q (OR2X1)                                        0.92      31.88 r
  U46993/QN (NAND3X1)                                     0.74      32.62 f
  U45055/QN (NAND4X0)                                     0.78      33.40 r
  U42623/Q (AO22X2)                                       0.77      34.17 r
  U46985/QN (NAND3X1)                                     0.67      34.84 f
  U42589/QN (NAND4X0)                                     0.96      35.80 r
  U42598/Q (AO22X1)                                       0.63      36.43 r
  U51037/Q (OR2X1)                                        1.25      37.68 r
  U44211/Q (AO22X2)                                       0.65      38.33 r
  U51039/Q (OR2X1)                                        1.25      39.58 r
  U44204/Q (AO22X2)                                       0.65      40.23 r
  U51040/Q (OA21X1)                                       0.85      41.08 r
  U44205/Q (AO21X2)                                       0.72      41.81 r
  U51041/Q (OA21X1)                                       0.85      42.66 r
  U44201/Q (AO21X2)                                       0.72      43.38 r
  U51042/Q (OA21X1)                                       0.80      44.18 r
  U48133/Q (AO21X2)                                       0.72      44.91 r
  U51064/Q (OA21X1)                                       0.80      45.71 r
  U51065/Q (AO21X2)                                       0.72      46.43 r
  U51066/Q (OA21X1)                                       0.85      47.28 r
  U49873/Q (AO21X2)                                       0.72      48.00 r
  U50335/Q (AO22X2)                                       0.77      48.77 r
  U50337/Q (OA21X1)                                       0.85      49.62 r
  U50315/Q (AO21X2)                                       0.72      50.35 r
  U51076/Q (OA21X1)                                       0.85      51.20 r
  U46786/Q (AO21X2)                                       0.72      51.92 r
  U51079/QN (NOR2X0)                                      1.09      53.00 f
  U51080/Q (OA22X1)                                       0.67      53.67 f
  U51081/Q (XNOR2X1)                                      1.18      54.85 r
  FF_3/D_DI[23] (FF_DATA_WIDTH24_1)                       0.00      54.85 r
  FF_3/U4/Q (MUX21X1)                                     0.84      55.69 r
  FF_3/Q_DO_reg[23]/D (DFFARX1)                           0.04      55.72 r
  data arrival time                                                 55.72

  clock Clk_CI (rise edge)                               50.00      50.00
  clock network delay (ideal)                             0.00      50.00
  FF_3/Q_DO_reg[23]/CLK (DFFARX1)                         0.00      50.00 r
  library setup time                                     -0.06      49.94
  data required time                                                49.94
  --------------------------------------------------------------------------
  data required time                                                49.94
  data arrival time                                                -55.72
  --------------------------------------------------------------------------
  slack (VIOLATED)                                                  -5.78


  Startpoint: counter_1/Cnt_Out_DO_reg[5]
              (rising edge-triggered flip-flop clocked by Clk_CI)
  Endpoint: FF_4/Q_DO_reg[23]
            (rising edge-triggered flip-flop clocked by Clk_CI)
  Path Group: Clk_CI
  Path Type: max

  Des/Clust/Port     Wire Load Model       Library
  ------------------------------------------------
  NYQ                2000000               saed90nm_typ
  MAC_WIDTH24_0      35000                 saed90nm_typ
  FF_DATA_WIDTH24_0  8000                  saed90nm_typ

  Point                                                   Incr       Path
  --------------------------------------------------------------------------
  clock Clk_CI (rise edge)                                0.00       0.00
  clock network delay (ideal)                             0.00       0.00
  counter_1/Cnt_Out_DO_reg[5]/CLK (DFFASX1)               0.00 #     0.00 r
  counter_1/Cnt_Out_DO_reg[5]/Q (DFFASX1)                 0.23       0.23 f
  counter_1/Cnt_Out_DO[5] (counter)                       0.00       0.23 f
  U42526/ZN (IBUFFX4)                                     1.00       1.23 r
  U44099/Q (AND2X4)                                       0.75       1.99 r
  U47156/QN (NAND2X0)                                     1.87       3.86 f
  U45016/ZN (INVX0)                                       0.91       4.77 r
  U43912/Q (AND2X4)                                       0.76       5.53 r
  U54242/ZN (INVX0)                                       1.85       7.37 f
  U42549/ZN (IBUFFX4)                                     0.90       8.27 r
  U46012/Z (NBUFFX2)                                      1.42       9.69 r
  U54342/Q (AO22X1)                                       1.49      11.18 r
  U54343/QN (NOR4X0)                                      0.96      12.14 f
  U50200/QN (NAND4X0)                                     0.86      12.99 r
  U42460/Q (OR4X2)                                        1.07      14.06 r
  U42391/Q (MUX21X1)                                      0.85      14.92 r
  MAC_4/In0_DI[1] (MAC_WIDTH24_0)                         0.00      14.92 r
  MAC_4/U180/Q (MUX21X1)                                  1.95      16.87 r
  MAC_4/U1317/QN (NOR2X0)                                 0.12      16.99 f
  MAC_4/U211/ZN (INVX0)                                   0.13      17.12 r
  MAC_4/U1440/Q (OA22X1)                                  0.17      17.29 r
  MAC_4/U1441/Q (OA221X1)                                 0.10      17.39 r
  MAC_4/U1442/Q (MUX21X1)                                 0.16      17.55 r
  MAC_4/U469/QN (NAND2X0)                                 0.09      17.64 f
  MAC_4/U470/QN (NAND3X0)                                 0.12      17.76 r
  MAC_4/U1472/CO (FADDX1)                                 0.28      18.04 r
  MAC_4/U654/QN (NAND2X0)                                 0.08      18.12 f
  MAC_4/U137/QN (NAND3X0)                                 0.12      18.24 r
  MAC_4/U658/QN (NAND2X0)                                 0.09      18.32 f
  MAC_4/U660/QN (NAND3X0)                                 0.12      18.44 r
  MAC_4/U570/QN (NAND2X0)                                 0.09      18.53 f
  MAC_4/U573/QN (NAND3X0)                                 0.11      18.64 r
  MAC_4/U410/QN (NAND2X0)                                 0.09      18.73 f
  MAC_4/U412/QN (NAND3X0)                                 0.12      18.84 r
  MAC_4/U416/QN (NAND2X0)                                 0.09      18.93 f
  MAC_4/U418/QN (NAND3X0)                                 0.12      19.05 r
  MAC_4/U441/QN (NAND2X0)                                 0.09      19.14 f
  MAC_4/U443/QN (NAND3X0)                                 0.12      19.26 r
  MAC_4/U374/QN (NAND2X0)                                 0.09      19.35 f
  MAC_4/U376/QN (NAND3X0)                                 0.11      19.47 r
  MAC_4/U370/QN (NAND2X0)                                 0.09      19.56 f
  MAC_4/U371/QN (NAND3X0)                                 0.12      19.68 r
  MAC_4/U396/QN (NAND2X0)                                 0.09      19.77 f
  MAC_4/U397/QN (NAND3X0)                                 0.12      19.89 r
  MAC_4/U401/QN (NAND2X0)                                 0.09      19.98 f
  MAC_4/U403/QN (NAND3X0)                                 0.11      20.10 r
  MAC_4/U540/QN (NAND2X0)                                 0.09      20.18 f
  MAC_4/U542/QN (NAND3X0)                                 0.12      20.30 r
  MAC_4/U545/QN (NAND2X0)                                 0.09      20.39 f
  MAC_4/U547/QN (NAND3X0)                                 0.12      20.50 r
  MAC_4/U364/QN (NAND2X0)                                 0.09      20.60 f
  MAC_4/U366/QN (NAND3X0)                                 0.11      20.71 r
  MAC_4/U406/QN (NAND2X0)                                 0.09      20.80 f
  MAC_4/U408/QN (NAND3X0)                                 0.11      20.92 r
  MAC_4/U644/QN (NAND2X0)                                 0.09      21.00 f
  MAC_4/U646/QN (NAND3X0)                                 0.12      21.12 r
  MAC_4/U649/QN (NAND2X0)                                 0.09      21.21 f
  MAC_4/U651/QN (NAND3X0)                                 0.12      21.32 r
  MAC_4/U385/QN (NAND2X0)                                 0.09      21.42 f
  MAC_4/U386/QN (NAND3X0)                                 0.11      21.53 r
  MAC_4/U380/QN (NAND2X0)                                 0.09      21.62 f
  MAC_4/U382/QN (NAND3X0)                                 0.11      21.73 r
  MAC_4/U391/QN (NAND2X0)                                 0.09      21.83 f
  MAC_4/U393/QN (NAND3X0)                                 0.11      21.94 r
  MAC_4/U678/QN (NAND2X0)                                 0.09      22.03 f
  MAC_4/U1450/QN (NAND3X0)                                0.12      22.15 r
  MAC_4/U1471/S (FADDX1)                                  0.26      22.41 r
  MAC_4/Out_DO[1] (MAC_WIDTH24_0)                         0.00      22.41 r
  U51018/ZN (INVX0)                                       0.92      23.33 f
  U42461/QN (OAI22X2)                                     0.68      24.01 r
  U48486/QN (NAND2X0)                                     0.77      24.78 f
  U42733/QN (NAND3X1)                                     0.85      25.63 r
  U42458/Q (AO22X2)                                       0.78      26.41 r
  U51098/CO (FADDX1)                                      3.64      30.05 r
  U50317/Q (OR2X1)                                        1.25      31.30 r
  U46712/Q (AO22X1)                                       0.63      31.93 r
  U50310/Q (OR2X1)                                        1.25      33.18 r
  U42519/Q (AO22X2)                                       0.65      33.83 r
  U50343/Q (OR2X1)                                        1.25      35.08 r
  U42662/Q (AO22X2)                                       0.65      35.73 r
  U51019/Q (OR2X1)                                        1.25      36.98 r
  U42518/Q (AO22X2)                                       0.65      37.63 r
  U42558/Q (OR2X1)                                        1.25      38.88 r
  U42535/Q (AO22X2)                                       0.65      39.53 r
  U51020/Q (OR2X1)                                        1.41      40.94 r
  U46986/Q (AO221X1)                                      0.85      41.80 r
  U46977/Q (AO22X1)                                       0.68      42.48 r
  U51023/Q (OA21X1)                                       0.85      43.33 r
  U42459/Q (AO21X2)                                       0.73      44.06 r
  U51024/Q (OR2X1)                                        1.41      45.47 r
  U46989/Q (AO221X1)                                      0.86      46.33 r
  U42660/Q (AO221X2)                                      0.95      47.28 r
  U46976/Q (AO221X1)                                      0.86      48.14 r
  U50345/QN (NAND3X1)                                     0.67      48.81 f
  U50251/QN (NAND4X0)                                     0.92      49.73 r
  U50253/Q (AO22X1)                                       0.63      50.36 r
  U47001/QN (OAI221X1)                                    0.63      50.99 f
  U46999/QN (OAI221X1)                                    0.72      51.72 r
  U50321/Q (OR2X1)                                        1.25      52.96 r
  U49883/QN (AOI22X1)                                     0.55      53.52 f
  U49881/Q (XOR2X1)                                       1.17      54.69 r
  FF_4/D_DI[23] (FF_DATA_WIDTH24_0)                       0.00      54.69 r
  FF_4/U4/Q (MUX21X1)                                     0.84      55.53 r
  FF_4/Q_DO_reg[23]/D (DFFARX1)                           0.04      55.56 r
  data arrival time                                                 55.56

  clock Clk_CI (rise edge)                               50.00      50.00
  clock network delay (ideal)                             0.00      50.00
  FF_4/Q_DO_reg[23]/CLK (DFFARX1)                         0.00      50.00 r
  library setup time                                     -0.06      49.94
  data required time                                                49.94
  --------------------------------------------------------------------------
  data required time                                                49.94
  data arrival time                                                -55.56
  --------------------------------------------------------------------------
  slack (VIOLATED)                                                  -5.62


  Startpoint: counter_1/Cnt_Out_DO_reg[1]
              (rising edge-triggered flip-flop clocked by Clk_CI)
  Endpoint: FF_2/Q_DO_reg[23]
            (rising edge-triggered flip-flop clocked by Clk_CI)
  Path Group: Clk_CI
  Path Type: max

  Des/Clust/Port     Wire Load Model       Library
  ------------------------------------------------
  NYQ                2000000               saed90nm_typ
  MAC_WIDTH24_2      35000                 saed90nm_typ
  FF_DATA_WIDTH24_2  8000                  saed90nm_typ

  Point                                                   Incr       Path
  --------------------------------------------------------------------------
  clock Clk_CI (rise edge)                                0.00       0.00
  clock network delay (ideal)                             0.00       0.00
  counter_1/Cnt_Out_DO_reg[1]/CLK (DFFARX1)               0.00 #     0.00 r
  counter_1/Cnt_Out_DO_reg[1]/QN (DFFARX1)                0.18       0.18 r
  counter_1/Cnt_Out_DO[1] (counter)                       0.00       0.18 r
  U50727/ZN (INVX0)                                       1.32       1.50 f
  U43957/Q (AND3X1)                                       0.61       2.12 f
  U44152/ZN (INVX0)                                       1.06       3.18 r
  U50779/Z (NBUFFX2)                                      1.44       4.62 r
  U44136/Q (OR2X4)                                        2.02       6.64 r
  U44102/ZN (INVX0)                                       1.06       7.71 f
  U44105/Z (NBUFFX2)                                      1.24       8.95 f
  U49805/Q (AO22X1)                                       1.33      10.28 f
  U42454/QN (NOR4X1)                                      0.83      11.11 r
  U44513/QN (NAND2X0)                                     0.60      11.71 f
  U44479/QN (NOR2X0)                                      0.81      12.51 r
  U45052/QN (NAND4X0)                                     0.81      13.32 f
  U45076/QN (NOR2X0)                                      0.81      14.13 r
  U49504/Q (AND4X1)                                       0.57      14.70 r
  U58786/QN (NAND2X0)                                     0.56      15.26 f
  U45075/Q (MUX21X1)                                      0.81      16.07 f
  MAC_2/In0_DI[11] (MAC_WIDTH24_2)                        0.00      16.07 f
  MAC_2/U357/Z (NBUFFX2)                                  0.74      16.82 f
  MAC_2/U119/ZN (INVX0)                                   0.17      16.99 r
  MAC_2/U266/Q (MUX21X1)                                  0.17      17.16 r
  MAC_2/U325/QN (NOR2X0)                                  0.13      17.29 f
  MAC_2/U110/ZN (IBUFFX4)                                 0.15      17.44 r
  MAC_2/U937/Q (OA22X1)                                   0.16      17.60 r
  MAC_2/U938/Q (OA221X1)                                  0.10      17.70 r
  MAC_2/U70/Q (MUX21X1)                                   0.16      17.86 r
  MAC_2/U676/QN (NAND2X0)                                 0.08      17.94 f
  MAC_2/U944/QN (NAND3X0)                                 0.11      18.06 r
  MAC_2/U683/QN (NAND2X0)                                 0.09      18.14 f
  MAC_2/U945/QN (NAND3X0)                                 0.12      18.26 r
  MAC_2/U432/QN (NAND2X0)                                 0.09      18.35 f
  MAC_2/U434/QN (NAND3X0)                                 0.11      18.47 r
  MAC_2/U708/QN (NAND2X0)                                 0.09      18.56 f
  MAC_2/U946/QN (NAND3X0)                                 0.12      18.67 r
  MAC_2/U686/QN (NAND2X0)                                 0.09      18.76 f
  MAC_2/U947/QN (NAND3X0)                                 0.12      18.88 r
  MAC_2/U517/QN (NAND2X0)                                 0.09      18.96 f
  MAC_2/U519/QN (NAND3X0)                                 0.12      19.08 r
  MAC_2/U522/QN (NAND2X0)                                 0.09      19.17 f
  MAC_2/U524/QN (NAND3X0)                                 0.12      19.28 r
  MAC_2/U507/QN (NAND2X0)                                 0.09      19.37 f
  MAC_2/U509/QN (NAND3X0)                                 0.12      19.49 r
  MAC_2/U512/QN (NAND2X0)                                 0.09      19.58 f
  MAC_2/U514/QN (NAND3X0)                                 0.12      19.69 r
  MAC_2/U488/QN (NAND2X0)                                 0.09      19.79 f
  MAC_2/U490/QN (NAND3X0)                                 0.11      19.90 r
  MAC_2/U602/QN (NAND2X0)                                 0.09      19.99 f
  MAC_2/U948/QN (NAND3X0)                                 0.12      20.10 r
  MAC_2/U81/Q (XOR2X1)                                    0.21      20.31 f
  MAC_2/U232/Q (XNOR2X1)                                  0.21      20.52 r
  MAC_2/U39/Q (XNOR2X2)                                   0.20      20.72 r
  MAC_2/U689/QN (NAND2X0)                                 0.09      20.80 f
  MAC_2/U1091/QN (NAND3X0)                                0.11      20.91 r
  MAC_2/U548/Q (XOR3X1)                                   0.18      21.10 r
  MAC_2/U1092/Q (XOR2X1)                                  0.20      21.30 f
  MAC_2/U198/Q (XOR2X1)                                   0.20      21.50 r
  MAC_2/Out_DO[0] (MAC_WIDTH24_2)                         0.00      21.50 r
  U42307/Q (AND2X1)                                       0.84      22.33 r
  U51099/CO (FADDX1)                                      3.24      25.57 r
  U42736/QN (NAND2X0)                                     0.82      26.39 f
  U42739/QN (NAND3X1)                                     0.57      26.95 r
  U50723/Q (OR2X1)                                        1.25      28.20 r
  U50724/Q (AO22X2)                                       0.65      28.85 r
  U47012/QN (OAI221X1)                                    0.82      29.67 f
  U45071/QN (NAND4X0)                                     0.93      30.60 r
  U47002/Q (AO221X1)                                      0.86      31.46 r
  U45049/Q (AO22X1)                                       0.68      32.14 r
  U50918/Q (OR2X1)                                        1.25      33.39 r
  U47006/QN (NAND3X1)                                     0.66      34.05 f
  U50274/QN (NAND3X1)                                     0.73      34.78 r
  U50219/QN (NAND3X1)                                     0.56      35.35 f
  U50220/QN (NAND2X0)                                     0.54      35.89 r
  U44315/Q (AO21X2)                                       0.73      36.62 r
  U51033/Q (OR2X1)                                        1.41      38.03 r
  U44314/Q (AO22X2)                                       0.77      38.80 r
  U46978/Q (AO22X2)                                       0.87      39.67 r
  U51052/Q (OA21X1)                                       0.75      40.42 r
  U51053/Q (AO21X2)                                       0.72      41.14 r
  U51054/Q (OA21X1)                                       0.60      41.74 r
  U51055/Q (AO21X2)                                       0.73      42.47 r
  U51056/Q (OR2X1)                                        1.41      43.88 r
  U46991/Q (AO221X1)                                      0.85      44.73 r
  U45050/Q (AO22X1)                                       0.68      45.42 r
  U51058/Q (OA21X1)                                       0.85      46.27 r
  U51059/Q (AO21X2)                                       0.73      46.99 r
  U51060/Q (OR2X1)                                        1.41      48.41 r
  U51061/Q (AO22X1)                                       0.76      49.17 r
  U46794/Q (AO22X2)                                       0.77      49.94 r
  U51070/Q (OA21X1)                                       0.85      50.79 r
  U51071/Q (AO21X2)                                       0.72      51.52 r
  U51072/Q (OA21X1)                                       0.85      52.37 r
  U51073/Q (AO21X2)                                       0.72      53.08 r
  U51074/Q (XOR2X1)                                       1.16      54.24 r
  FF_2/D_DI[23] (FF_DATA_WIDTH24_2)                       0.00      54.24 r
  FF_2/U5/Q (MUX21X1)                                     0.84      55.08 r
  FF_2/Q_DO_reg[23]/D (DFFARX1)                           0.04      55.11 r
  data arrival time                                                 55.11

  clock Clk_CI (rise edge)                               50.00      50.00
  clock network delay (ideal)                             0.00      50.00
  FF_2/Q_DO_reg[23]/CLK (DFFARX1)                         0.00      50.00 r
  library setup time                                     -0.06      49.94
  data required time                                                49.94
  --------------------------------------------------------------------------
  data required time                                                49.94
  data arrival time                                                -55.11
  --------------------------------------------------------------------------
  slack (VIOLATED)                                                  -5.17


  Startpoint: counter_1/Cnt_Out_DO_reg[4]
              (rising edge-triggered flip-flop clocked by Clk_CI)
  Endpoint: FF_3/Q_DO_reg[22]
            (rising edge-triggered flip-flop clocked by Clk_CI)
  Path Group: Clk_CI
  Path Type: max

  Des/Clust/Port     Wire Load Model       Library
  ------------------------------------------------
  NYQ                2000000               saed90nm_typ
  MAC_WIDTH24_1      35000                 saed90nm_typ
  FF_DATA_WIDTH24_1  8000                  saed90nm_typ

  Point                                                   Incr       Path
  --------------------------------------------------------------------------
  clock Clk_CI (rise edge)                                0.00       0.00
  clock network delay (ideal)                             0.00       0.00
  counter_1/Cnt_Out_DO_reg[4]/CLK (DFFARX1)               0.00 #     0.00 r
  counter_1/Cnt_Out_DO_reg[4]/QN (DFFARX1)                0.17       0.17 r
  counter_1/Cnt_Out_DO[4] (counter)                       0.00       0.17 r
  U47004/ZN (INVX0)                                       0.94       1.11 f
  U50732/QN (NOR2X0)                                      1.39       2.50 r
  U42723/QN (NAND2X0)                                     0.95       3.45 f
  U42490/Q (OR2X4)                                        1.10       4.55 f
  U48135/ZN (IBUFFX4)                                     1.92       6.47 r
  U42713/Q (AO22X2)                                       4.04      10.52 r
  U50991/QN (NOR4X0)                                      0.96      11.47 f
  U42571/QN (NAND4X0)                                     0.86      12.33 r
  U51013/Q (OR4X1)                                        1.08      13.41 r
  U42601/Q (MUX21X1)                                      0.91      14.33 r
  MAC_3/In0_DI[1] (MAC_WIDTH24_1)                         0.00      14.33 r
  MAC_3/U242/Q (XOR2X1)                                   1.81      16.14 f
  MAC_3/U75/QN (NOR2X0)                                   0.12      16.26 r
  MAC_3/U1101/Q (AO222X1)                                 0.17      16.44 r
  MAC_3/U137/Q (MUX21X1)                                  0.16      16.60 r
  MAC_3/U1508/CO (FADDX1)                                 0.27      16.87 r
  MAC_3/U626/QN (NAND2X0)                                 0.08      16.96 f
  MAC_3/U627/QN (NAND3X0)                                 0.11      17.07 r
  MAC_3/U632/QN (NAND2X0)                                 0.09      17.15 f
  MAC_3/U633/QN (NAND3X0)                                 0.11      17.27 r
  MAC_3/U356/QN (NAND2X0)                                 0.09      17.35 f
  MAC_3/U249/QN (NAND3X0)                                 0.11      17.46 r
  MAC_3/U243/QN (NAND2X0)                                 0.09      17.55 f
  MAC_3/U559/QN (NAND3X0)                                 0.11      17.66 r
  MAC_3/U529/QN (NAND2X0)                                 0.09      17.75 f
  MAC_3/U531/QN (NAND3X0)                                 0.11      17.87 r
  MAC_3/U686/QN (NAND2X0)                                 0.09      17.95 f
  MAC_3/U251/QN (NAND3X0)                                 0.11      18.07 r
  MAC_3/U244/QN (NAND2X0)                                 0.09      18.15 f
  MAC_3/U525/QN (NAND3X0)                                 0.11      18.26 r
  MAC_3/U245/QN (NAND2X0)                                 0.09      18.35 f
  MAC_3/U622/QN (NAND3X0)                                 0.11      18.46 r
  MAC_3/U677/QN (NAND2X0)                                 0.09      18.55 f
  MAC_3/U250/QN (NAND3X0)                                 0.12      18.66 r
  MAC_3/U681/QN (NAND2X0)                                 0.09      18.75 f
  MAC_3/U253/QN (NAND3X0)                                 0.12      18.87 r
  MAC_3/U655/QN (NAND2X0)                                 0.09      18.95 f
  MAC_3/U252/QN (NAND3X0)                                 0.12      19.07 r
  MAC_3/U659/QN (NAND2X0)                                 0.09      19.16 f
  MAC_3/U248/QN (NAND3X0)                                 0.11      19.27 r
  MAC_3/U553/QN (NAND2X0)                                 0.09      19.36 f
  MAC_3/U555/QN (NAND3X0)                                 0.11      19.47 r
  MAC_3/U546/QN (NAND2X0)                                 0.09      19.56 f
  MAC_3/U548/QN (NAND3X0)                                 0.11      19.67 r
  MAC_3/U646/QN (NAND2X0)                                 0.09      19.76 f
  MAC_3/U648/QN (NAND3X0)                                 0.12      19.87 r
  MAC_3/U652/QN (NAND2X0)                                 0.09      19.96 f
  MAC_3/U654/QN (NAND3X0)                                 0.11      20.08 r
  MAC_3/U674/QN (NAND2X0)                                 0.09      20.16 f
  MAC_3/U676/QN (NAND3X0)                                 0.11      20.27 r
  MAC_3/U670/QN (NAND2X0)                                 0.09      20.36 f
  MAC_3/U672/QN (NAND3X0)                                 0.11      20.47 r
  MAC_3/U685/QN (NAND2X0)                                 0.09      20.56 f
  MAC_3/U1104/QN (NAND3X0)                                0.12      20.67 r
  MAC_3/U687/QN (NAND2X0)                                 0.09      20.76 f
  MAC_3/U1105/QN (NAND3X0)                                0.11      20.88 r
  MAC_3/U407/QN (NAND2X0)                                 0.09      20.96 f
  MAC_3/U409/QN (NAND3X0)                                 0.12      21.08 r
  MAC_3/U220/Q (XOR2X1)                                   0.19      21.27 r
  MAC_3/Out_DO[0] (MAC_WIDTH24_1)                         0.00      21.27 r
  U45025/Q (AND2X1)                                       0.73      22.00 r
  U47327/QN (NAND2X0)                                     0.77      22.77 f
  U42618/QN (NAND4X0)                                     0.98      23.75 r
  U44255/Q (AO22X2)                                       0.78      24.52 r
  U50350/CO (FADDX1)                                      2.67      27.20 r
  U50281/Q (OR2X1)                                        1.25      28.45 r
  U44254/Q (AO22X2)                                       0.65      29.10 r
  U50726/Q (OR2X1)                                        1.10      30.20 r
  U42732/Q (AO22X2)                                       0.76      30.96 r
  U46785/Q (OR2X1)                                        0.92      31.88 r
  U46993/QN (NAND3X1)                                     0.74      32.62 f
  U45055/QN (NAND4X0)                                     0.78      33.40 r
  U42623/Q (AO22X2)                                       0.77      34.17 r
  U46985/QN (NAND3X1)                                     0.67      34.84 f
  U42589/QN (NAND4X0)                                     0.96      35.80 r
  U42598/Q (AO22X1)                                       0.63      36.43 r
  U51037/Q (OR2X1)                                        1.25      37.68 r
  U44211/Q (AO22X2)                                       0.65      38.33 r
  U51039/Q (OR2X1)                                        1.25      39.58 r
  U44204/Q (AO22X2)                                       0.65      40.23 r
  U51040/Q (OA21X1)                                       0.85      41.08 r
  U44205/Q (AO21X2)                                       0.72      41.81 r
  U51041/Q (OA21X1)                                       0.85      42.66 r
  U44201/Q (AO21X2)                                       0.72      43.38 r
  U51042/Q (OA21X1)                                       0.80      44.18 r
  U48133/Q (AO21X2)                                       0.72      44.91 r
  U51064/Q (OA21X1)                                       0.80      45.71 r
  U51065/Q (AO21X2)                                       0.72      46.43 r
  U51066/Q (OA21X1)                                       0.85      47.28 r
  U49873/Q (AO21X2)                                       0.72      48.00 r
  U50335/Q (AO22X2)                                       0.77      48.77 r
  U50337/Q (OA21X1)                                       0.85      49.62 r
  U50315/Q (AO21X2)                                       0.72      50.35 r
  U51076/Q (OA21X1)                                       0.85      51.20 r
  U46786/Q (AO21X2)                                       0.72      51.92 r
  U46787/ZN (INVX0)                                       0.81      52.73 f
  U44411/Q (XNOR3X1)                                      1.48      54.21 r
  FF_3/D_DI[22] (FF_DATA_WIDTH24_1)                       0.00      54.21 r
  FF_3/U2/Q (MUX21X1)                                     0.84      55.04 r
  FF_3/Q_DO_reg[22]/D (DFFARX1)                           0.04      55.08 r
  data arrival time                                                 55.08

  clock Clk_CI (rise edge)                               50.00      50.00
  clock network delay (ideal)                             0.00      50.00
  FF_3/Q_DO_reg[22]/CLK (DFFARX1)                         0.00      50.00 r
  library setup time                                     -0.06      49.94
  data required time                                                49.94
  --------------------------------------------------------------------------
  data required time                                                49.94
  data arrival time                                                -55.08
  --------------------------------------------------------------------------
  slack (VIOLATED)                                                  -5.14


  Startpoint: counter_1/Cnt_Out_DO_reg[5]
              (rising edge-triggered flip-flop clocked by Clk_CI)
  Endpoint: FF_4/Q_DO_reg[22]
            (rising edge-triggered flip-flop clocked by Clk_CI)
  Path Group: Clk_CI
  Path Type: max

  Des/Clust/Port     Wire Load Model       Library
  ------------------------------------------------
  NYQ                2000000               saed90nm_typ
  MAC_WIDTH24_0      35000                 saed90nm_typ
  FF_DATA_WIDTH24_0  8000                  saed90nm_typ

  Point                                                   Incr       Path
  --------------------------------------------------------------------------
  clock Clk_CI (rise edge)                                0.00       0.00
  clock network delay (ideal)                             0.00       0.00
  counter_1/Cnt_Out_DO_reg[5]/CLK (DFFASX1)               0.00 #     0.00 r
  counter_1/Cnt_Out_DO_reg[5]/Q (DFFASX1)                 0.23       0.23 f
  counter_1/Cnt_Out_DO[5] (counter)                       0.00       0.23 f
  U42526/ZN (IBUFFX4)                                     1.00       1.23 r
  U44099/Q (AND2X4)                                       0.75       1.99 r
  U47156/QN (NAND2X0)                                     1.87       3.86 f
  U45016/ZN (INVX0)                                       0.91       4.77 r
  U43912/Q (AND2X4)                                       0.76       5.53 r
  U54242/ZN (INVX0)                                       1.85       7.37 f
  U42549/ZN (IBUFFX4)                                     0.90       8.27 r
  U46012/Z (NBUFFX2)                                      1.42       9.69 r
  U54342/Q (AO22X1)                                       1.49      11.18 r
  U54343/QN (NOR4X0)                                      0.96      12.14 f
  U50200/QN (NAND4X0)                                     0.86      12.99 r
  U42460/Q (OR4X2)                                        1.07      14.06 r
  U42391/Q (MUX21X1)                                      0.85      14.92 r
  MAC_4/In0_DI[1] (MAC_WIDTH24_0)                         0.00      14.92 r
  MAC_4/U180/Q (MUX21X1)                                  1.95      16.87 r
  MAC_4/U1317/QN (NOR2X0)                                 0.12      16.99 f
  MAC_4/U211/ZN (INVX0)                                   0.13      17.12 r
  MAC_4/U1440/Q (OA22X1)                                  0.17      17.29 r
  MAC_4/U1441/Q (OA221X1)                                 0.10      17.39 r
  MAC_4/U1442/Q (MUX21X1)                                 0.16      17.55 r
  MAC_4/U469/QN (NAND2X0)                                 0.09      17.64 f
  MAC_4/U470/QN (NAND3X0)                                 0.12      17.76 r
  MAC_4/U1472/CO (FADDX1)                                 0.28      18.04 r
  MAC_4/U654/QN (NAND2X0)                                 0.08      18.12 f
  MAC_4/U137/QN (NAND3X0)                                 0.12      18.24 r
  MAC_4/U658/QN (NAND2X0)                                 0.09      18.32 f
  MAC_4/U660/QN (NAND3X0)                                 0.12      18.44 r
  MAC_4/U570/QN (NAND2X0)                                 0.09      18.53 f
  MAC_4/U573/QN (NAND3X0)                                 0.11      18.64 r
  MAC_4/U410/QN (NAND2X0)                                 0.09      18.73 f
  MAC_4/U412/QN (NAND3X0)                                 0.12      18.84 r
  MAC_4/U416/QN (NAND2X0)                                 0.09      18.93 f
  MAC_4/U418/QN (NAND3X0)                                 0.12      19.05 r
  MAC_4/U441/QN (NAND2X0)                                 0.09      19.14 f
  MAC_4/U443/QN (NAND3X0)                                 0.12      19.26 r
  MAC_4/U374/QN (NAND2X0)                                 0.09      19.35 f
  MAC_4/U376/QN (NAND3X0)                                 0.11      19.47 r
  MAC_4/U370/QN (NAND2X0)                                 0.09      19.56 f
  MAC_4/U371/QN (NAND3X0)                                 0.12      19.68 r
  MAC_4/U396/QN (NAND2X0)                                 0.09      19.77 f
  MAC_4/U397/QN (NAND3X0)                                 0.12      19.89 r
  MAC_4/U401/QN (NAND2X0)                                 0.09      19.98 f
  MAC_4/U403/QN (NAND3X0)                                 0.11      20.10 r
  MAC_4/U540/QN (NAND2X0)                                 0.09      20.18 f
  MAC_4/U542/QN (NAND3X0)                                 0.12      20.30 r
  MAC_4/U545/QN (NAND2X0)                                 0.09      20.39 f
  MAC_4/U547/QN (NAND3X0)                                 0.12      20.50 r
  MAC_4/U364/QN (NAND2X0)                                 0.09      20.60 f
  MAC_4/U366/QN (NAND3X0)                                 0.11      20.71 r
  MAC_4/U406/QN (NAND2X0)                                 0.09      20.80 f
  MAC_4/U408/QN (NAND3X0)                                 0.11      20.92 r
  MAC_4/U644/QN (NAND2X0)                                 0.09      21.00 f
  MAC_4/U646/QN (NAND3X0)                                 0.12      21.12 r
  MAC_4/U649/QN (NAND2X0)                                 0.09      21.21 f
  MAC_4/U651/QN (NAND3X0)                                 0.12      21.32 r
  MAC_4/U385/QN (NAND2X0)                                 0.09      21.42 f
  MAC_4/U386/QN (NAND3X0)                                 0.11      21.53 r
  MAC_4/U380/QN (NAND2X0)                                 0.09      21.62 f
  MAC_4/U382/QN (NAND3X0)                                 0.11      21.73 r
  MAC_4/U391/QN (NAND2X0)                                 0.09      21.83 f
  MAC_4/U393/QN (NAND3X0)                                 0.11      21.94 r
  MAC_4/U678/QN (NAND2X0)                                 0.09      22.03 f
  MAC_4/U1450/QN (NAND3X0)                                0.12      22.15 r
  MAC_4/U1471/S (FADDX1)                                  0.26      22.41 r
  MAC_4/Out_DO[1] (MAC_WIDTH24_0)                         0.00      22.41 r
  U51018/ZN (INVX0)                                       0.92      23.33 f
  U42461/QN (OAI22X2)                                     0.68      24.01 r
  U48486/QN (NAND2X0)                                     0.77      24.78 f
  U42733/QN (NAND3X1)                                     0.85      25.63 r
  U42458/Q (AO22X2)                                       0.78      26.41 r
  U51098/CO (FADDX1)                                      3.64      30.05 r
  U50317/Q (OR2X1)                                        1.25      31.30 r
  U46712/Q (AO22X1)                                       0.63      31.93 r
  U50310/Q (OR2X1)                                        1.25      33.18 r
  U42519/Q (AO22X2)                                       0.65      33.83 r
  U50343/Q (OR2X1)                                        1.25      35.08 r
  U42662/Q (AO22X2)                                       0.65      35.73 r
  U51019/Q (OR2X1)                                        1.25      36.98 r
  U42518/Q (AO22X2)                                       0.65      37.63 r
  U42558/Q (OR2X1)                                        1.25      38.88 r
  U42535/Q (AO22X2)                                       0.65      39.53 r
  U51020/Q (OR2X1)                                        1.41      40.94 r
  U46986/Q (AO221X1)                                      0.85      41.80 r
  U46977/Q (AO22X1)                                       0.68      42.48 r
  U51023/Q (OA21X1)                                       0.85      43.33 r
  U42459/Q (AO21X2)                                       0.73      44.06 r
  U51024/Q (OR2X1)                                        1.41      45.47 r
  U46989/Q (AO221X1)                                      0.86      46.33 r
  U42660/Q (AO221X2)                                      0.95      47.28 r
  U46976/Q (AO221X1)                                      0.86      48.14 r
  U50345/QN (NAND3X1)                                     0.67      48.81 f
  U50251/QN (NAND4X0)                                     0.92      49.73 r
  U50253/Q (AO22X1)                                       0.63      50.36 r
  U47001/QN (OAI221X1)                                    0.63      50.99 f
  U46999/QN (OAI221X1)                                    0.72      51.72 r
  U51046/Q (XOR3X1)                                       1.62      53.33 r
  FF_4/D_DI[22] (FF_DATA_WIDTH24_0)                       0.00      53.33 r
  FF_4/U19/Q (MUX21X1)                                    0.89      54.23 r
  FF_4/Q_DO_reg[22]/D (DFFARX1)                           0.04      54.26 r
  data arrival time                                                 54.26

  clock Clk_CI (rise edge)                               50.00      50.00
  clock network delay (ideal)                             0.00      50.00
  FF_4/Q_DO_reg[22]/CLK (DFFARX1)                         0.00      50.00 r
  library setup time                                     -0.06      49.94
  data required time                                                49.94
  --------------------------------------------------------------------------
  data required time                                                49.94
  data arrival time                                                -54.26
  --------------------------------------------------------------------------
  slack (VIOLATED)                                                  -4.33


1
